// Jest Snapshot v1, https://goo.gl/fbAQLP

exports[`CleanList component Renders the UI as expected 1`] = `[Function]`;
