// Jest Snapshot v1, https://goo.gl/fbAQLP

exports[`Nav Component Renders the UI as expected 1`] = `[Function]`;
