// Jest Snapshot v1, https://goo.gl/fbAQLP

exports[`AddSiteComponent Renders the UI as expected 1`] = `[Function]`;
