// Jest Snapshot v1, https://goo.gl/fbAQLP

exports[`SignIn Component Renders the UI as expected 1`] = `[Function]`;
