// Jest Snapshot v1, https://goo.gl/fbAQLP

exports[`AddComment Component Renders the UI as expected 1`] = `[Function]`;
